.next/dev/types/validator.ts(25,44): error TS2344: Type 'Route' does not satisfy the constraint '"/"'.
  Type 'LayoutRoutes' is not assignable to type '"/"'.
    Type '"/doctor"' is not assignable to type '"/"'.
.next/dev/types/validator.ts(25,75): error TS2344: Type 'Route' does not satisfy the constraint '"/"'.
  Type 'LayoutRoutes' is not assignable to type '"/"'.
    Type '"/doctor"' is not assignable to type '"/"'.
.next/dev/types/validator.ts(80,39): error TS2307: Cannot find module '../../../app/(dashboard)/consult/[id]/page.js' or its corresponding type declarations.
.next/dev/types/validator.ts(89,39): error TS2307: Cannot find module '../../../app/(dashboard)/consult/page.js' or its corresponding type declarations.
.next/dev/types/validator.ts(152,39): error TS2307: Cannot find module '../../../app/doctor/dashboard/page.js' or its corresponding type declarations.
.next/dev/types/validator.ts(161,39): error TS2307: Cannot find module '../../../app/doctor/pending/page.js' or its corresponding type declarations.
.next/dev/types/validator.ts(206,39): error TS2307: Cannot find module '../../../app/api/payment/create/route.js' or its corresponding type declarations.
.next/dev/types/validator.ts(215,39): error TS2307: Cannot find module '../../../app/api/payment/webhook/route.js' or its corresponding type declarations.
.next/dev/types/validator.ts(255,39): error TS2307: Cannot find module '../../../app/doctor/layout.js' or its corresponding type declarations.
