components/doctor/registration/PersonalInfoStep.tsx(7,26): error TS2307: Cannot find module '@/components/ui/textarea' or its corresponding type declarations.
components/doctor/registration/PersonalInfoStep.tsx(54,22): error TS7006: Parameter 'e' implicitly has an 'any' type.
components/doctor/registration/ProfessionalInfoStep.tsx(10,26): error TS2307: Cannot find module '@/components/ui/checkbox' or its corresponding type declarations.
components/layout/top-navbar.tsx(49,20): error TS2304: Cannot find name 'useAuth'.
components/layout/top-navbar.tsx(128,19): error TS2322: Type '{ children: Element; href: string; asChild: true; }' is not assignable to type 'IntrinsicAttributes & Omit<AnchorHTMLAttributes<HTMLAnchorElement>, keyof LinkProps<any>> & LinkProps<...> & { ...; } & RefAttributes<...>'.
  Property 'asChild' does not exist on type 'IntrinsicAttributes & Omit<AnchorHTMLAttributes<HTMLAnchorElement>, keyof LinkProps<any>> & LinkProps<...> & { ...; } & RefAttributes<...>'.
components/layout/top-navbar.tsx(156,108): error TS2304: Cannot find name 'userRole'.
components/layout/top-navbar.tsx(179,18): error TS2304: Cannot find name 'isMounted'.
lib/doctorRegistrationService.ts(3,30): error TS2307: Cannot find module 'uuid' or its corresponding type declarations.
